CCS PCM C Compiler, Version 5.115, 43599               22-ώνθ-26 14:56

               Filename:   D:\Install\VW\Manuals\T-cross_2024_bf3\MemSSA\MemSSA_16f684_027_save_t_car_2026\mssa.lst

               ROM used:   540 words (26%)
                           Largest free fragment is 1508
               RAM used:   11 (9%) at main() level
                           20 (16%) worst case
               Stack used: 2 locations
               Stack size: 8

*
0000:  MOVLW  01
0001:  MOVWF  0A
0002:  GOTO   10F
0003:  NOP
.................... /*
....................  * mssa.c
....................  * Description:
....................  * This is start/stop system memory, for the PIC16F684 and PIC12F675 chips.
....................  * Author: LZ2HV, Christo
....................  * Creation date: 2025 for VW T-Cross 2025
....................  */
.................... //#define DEBUG_WRITE
.................... //#define DEBUG_EXCEP
.................... #define DEBUG_MAINN
.................... 
.................... #define PIC16F684X
.................... //#define PIC12F683X  // ok as PIC12F675
.................... //#define PIC12F675X
.................... //#define PIC12F1571X //write_program_eeprom  read_program_eeprom
.................... 
.................... #if defined PIC16F684X
.................... #include <16f684.h>
.................... //////////// Standard Header file for the PIC16F684 device ////////////////
.................... ///////////////////////////////////////////////////////////////////////////
.................... ////        (C) Copyright 1996, 2020 Custom Computer Services          ////
.................... //// This source code may only be used by licensed users of the CCS C  ////
.................... //// compiler.  This source code may only be distributed to other      ////
.................... //// licensed users of the CCS C compiler.  No other use, reproduction ////
.................... //// or distribution is permitted without written permission.          ////
.................... //// Derivative programs created using this software in object code    ////
.................... //// form are not restricted in any way.                               ////
.................... ///////////////////////////////////////////////////////////////////////////
.................... #device PIC16F684
*
00D8:  MOVF   2E,W
00D9:  CLRF   21
00DA:  SUBWF  2D,W
00DB:  BTFSC  03.0
00DC:  GOTO   0E0
00DD:  MOVF   2D,W
00DE:  MOVWF  20
00DF:  GOTO   0EC
00E0:  CLRF   20
00E1:  MOVLW  08
00E2:  MOVWF  2F
00E3:  RLF    2D,F
00E4:  RLF    20,F
00E5:  MOVF   2E,W
00E6:  SUBWF  20,W
00E7:  BTFSC  03.0
00E8:  MOVWF  20
00E9:  RLF    21,F
00EA:  DECFSZ 2F,F
00EB:  GOTO   0E3
.................... 
.................... #list
.................... 
.................... #endif
.................... #if defined PIC12F683X
.................... #include <12f683.h> //ok
.................... //#include <12f675.h>
.................... //#include <12f1571.h> //write_program_eeprom
.................... #endif
.................... //#device *=16 /* Allow RAM to expand beyond 256 bytes */
.................... //#device ADC=10  // Use 10 bits 10bit (5volt;correspond;1024) or 8bit(5volt;correspond;256)
.................... 
.................... /* Microcontroller configuration bits */
.................... //#byte OSCCON=0x8F
.................... //#use delay(internal=4MHz)
.................... #fuses INTRC_IO,NOPROTECT,NOWDT,BROWNOUT,PUT,NOMCLR,NOCPD
.................... #use delay(clock=4000000)
*
0004:  MOVLW  33
0005:  MOVWF  04
0006:  MOVF   00,W
0007:  BTFSC  03.2
0008:  GOTO   017
0009:  MOVLW  01
000A:  MOVWF  21
000B:  CLRF   20
000C:  DECFSZ 20,F
000D:  GOTO   00C
000E:  DECFSZ 21,F
000F:  GOTO   00B
0010:  MOVLW  4A
0011:  MOVWF  20
0012:  DECFSZ 20,F
0013:  GOTO   012
0014:  GOTO   015
0015:  DECFSZ 00,F
0016:  GOTO   009
0017:  RETURN
.................... //#use fixed_io(a_outputs=PIN_A3)
.................... //INTRC_IO, NOWDT, NOPROTECT, BROWNOUT, NOMCLR, NOCPD
.................... //#BYTE OSCCON = 0xFd3
.................... //#use delay(clock=4000000)
.................... 
.................... #if defined PIC16F684X
.................... #define BUT_SEC         (PIN_A4)
.................... #define SSA_BUT         (PIN_A1)
.................... #define SWI_OUT         (PIN_C0)
.................... #define DEB_WRI         (PIN_C4)
.................... #define DEB_EXE         (PIN_C3)
.................... #define DEB_EXC_SAV_MIN (PIN_C2)
.................... #define A05_MMM         (PIN_A5)
.................... #endif
.................... 
.................... #define COU_SAVE_SECL 16  //17*150+17*100=2550+1700=4250s
.................... #define COU_SAVE_SECH 2   //3=750 4*170+4*80=680+320=1000  8*158+8*92=1264+736=2000s
.................... #define MAX_SEC 40 //40=40*200=8s
.................... #define MIN_SEC 10 //10=10*200=2s
.................... #define DEF_SEC 30 //30=30*200=6s
.................... 
.................... #if defined PIC12F683X
.................... #define BUT_SEC         (PIN_A2)
.................... #define SSA_BUT         (PIN_A0)
.................... #define SWI_OUT         (PIN_A1)
.................... //#define DEB_EXE       (PIN_A3)
.................... #define DEB_WRI         (PIN_A4)//error PIN_A4=PIN_A3 ????
.................... #define DEB_EXC_SAV_MIN (PIN_A5)//error PIN -2=PIN_A5 ????
.................... #endif
.................... 
.................... BOOLEAN is_on_bssa(void)
0018:  BCF    30.0
0019:  CLRF   31
.................... {
....................     BOOLEAN res = false;
....................     int c_bssa = 0;
....................     for (int i=0; i<20; ++i)//200ms
001A:  CLRF   32
001B:  MOVF   32,W
001C:  SUBLW  13
001D:  BTFSS  03.0
001E:  GOTO   032
....................     {
....................         if (!input(SSA_BUT)) c_bssa++;
001F:  BSF    03.5
0020:  BSF    05.1
0021:  BCF    03.5
0022:  BTFSC  05.1
0023:  GOTO   026
0024:  INCF   31,F
0025:  GOTO   027
....................         else c_bssa = 0;
0026:  CLRF   31
....................         if (c_bssa > 12)//120ms
0027:  MOVF   31,W
0028:  SUBLW  0C
0029:  BTFSC  03.0
002A:  GOTO   02D
....................         {
....................             res = true;
002B:  BSF    30.0
....................             break;
002C:  GOTO   032
....................         }
....................         delay_ms(10);
002D:  MOVLW  0A
002E:  MOVWF  33
002F:  CALL   004
0030:  INCF   32,F
0031:  GOTO   01B
....................     }
....................     return res;
0032:  MOVLW  00
0033:  BTFSC  30.0
0034:  MOVLW  01
0035:  MOVWF  21
0036:  RETURN
.................... }
.................... int read_sec = 0;
.................... BOOLEAN wait1234sec(void)
0037:  BSF    2B.0
0038:  CLRF   2C
0039:  CLRF   2D
.................... {
....................     BOOLEAN res = true;
....................     int try = 0;
....................     int count_except = 0;
....................     for (int i=0; i<read_sec; ++i)
003A:  CLRF   2E
003B:  MOVF   24,W
003C:  SUBWF  2E,W
003D:  BTFSC  03.0
003E:  GOTO   05A
....................     {
....................         if (is_on_bssa())//full=0+200=200ms
003F:  CALL   018
0040:  MOVF   21,F
0041:  BTFSC  03.2
0042:  GOTO   04B
....................         {
....................             count_except++;
0043:  INCF   2D,F
....................             if (count_except > 10)//except=(0+120=120)*11=1320ms
0044:  MOVF   2D,W
0045:  SUBLW  0A
0046:  BTFSC  03.0
0047:  GOTO   04A
....................             {
....................                 res = false;
0048:  BCF    2B.0
....................                 break;
0049:  GOTO   05A
....................             }
....................         }
004A:  GOTO   04C
....................         else count_except = 0;
004B:  CLRF   2D
....................         if (count_except > 0) output_high(DEB_EXC_SAV_MIN);//fast low Volts -> save_ssa > 0
004C:  MOVF   2D,F
004D:  BTFSC  03.2
004E:  GOTO   054
004F:  BSF    03.5
0050:  BCF    07.2
0051:  BCF    03.5
0052:  BSF    07.2
0053:  GOTO   058
....................         else output_low(DEB_EXC_SAV_MIN);
0054:  BSF    03.5
0055:  BCF    07.2
0056:  BCF    03.5
0057:  BCF    07.2
0058:  INCF   2E,F
0059:  GOTO   03B
....................     }
....................     if (res && count_except > 5)//except=120*6=720ms
005A:  BTFSS  2B.0
005B:  GOTO   06F
005C:  MOVF   2D,W
005D:  SUBLW  05
005E:  BTFSC  03.0
005F:  GOTO   06F
....................     {
....................         for (int i=0; i<3; ++i)//try 3 times (120*3=360mms)+720=1080ms
0060:  CLRF   2F
0061:  MOVF   2F,W
0062:  SUBLW  02
0063:  BTFSS  03.0
0064:  GOTO   06F
....................         {
....................             if (is_on_bssa()) try++;
0065:  CALL   018
0066:  MOVF   21,F
0067:  BTFSS  03.2
0068:  INCF   2C,F
....................             if (try>2) res = false; 
0069:  MOVF   2C,W
006A:  SUBLW  02
006B:  BTFSS  03.0
006C:  BCF    2B.0
006D:  INCF   2F,F
006E:  GOTO   061
....................         }
....................     }
....................     output_low(DEB_EXC_SAV_MIN);
006F:  BSF    03.5
0070:  BCF    07.2
0071:  BCF    03.5
0072:  BCF    07.2
....................     return res;
0073:  MOVLW  00
0074:  BTFSC  2B.0
0075:  MOVLW  01
0076:  MOVWF  21
0077:  GOTO   17C (RETURN)
.................... }
.................... void tray_to_on(void)
.................... {
....................         output_high(DEB_EXC_SAV_MIN);
0078:  BSF    03.5
0079:  BCF    07.2
007A:  BCF    03.5
007B:  BSF    07.2
....................         output_high(SWI_OUT);
007C:  BSF    03.5
007D:  BCF    07.0
007E:  BCF    03.5
007F:  BSF    07.0
....................         delay_ms(200);
0080:  MOVLW  C8
0081:  MOVWF  33
0082:  CALL   004
....................         delay_ms(200);
0083:  MOVLW  C8
0084:  MOVWF  33
0085:  CALL   004
....................         output_low(SWI_OUT);
0086:  BSF    03.5
0087:  BCF    07.0
0088:  BCF    03.5
0089:  BCF    07.0
....................         output_low(DEB_EXC_SAV_MIN);
008A:  BSF    03.5
008B:  BCF    07.2
008C:  BCF    03.5
008D:  BCF    07.2
008E:  RETURN
.................... }
.................... void led_flash(int z)
.................... {
....................     for (int i=0; i<z; ++i)
*
00F0:  CLRF   2E
00F1:  MOVF   2D,W
00F2:  SUBWF  2E,W
00F3:  BTFSC  03.0
00F4:  GOTO   105
....................     {
....................         output_low(DEB_EXC_SAV_MIN);
00F5:  BSF    03.5
00F6:  BCF    07.2
00F7:  BCF    03.5
00F8:  BCF    07.2
....................         delay_ms(200);
00F9:  MOVLW  C8
00FA:  MOVWF  33
00FB:  CALL   004
....................         output_high(DEB_EXC_SAV_MIN);
00FC:  BSF    03.5
00FD:  BCF    07.2
00FE:  BCF    03.5
00FF:  BSF    07.2
....................         delay_ms(200);
0100:  MOVLW  C8
0101:  MOVWF  33
0102:  CALL   004
0103:  INCF   2E,F
0104:  GOTO   0F1
....................     }
....................     output_low(DEB_EXC_SAV_MIN);
0105:  BSF    03.5
0106:  BCF    07.2
0107:  BCF    03.5
0108:  BCF    07.2
....................     delay_ms(200);
0109:  MOVLW  C8
010A:  MOVWF  33
010B:  CALL   004
.................... }
.................... int read_ssa = 0;
.................... int save_ssa = 0;
.................... #if defined DEBUG_MAINN
.................... int f_main = 0;
.................... #endif
.................... BOOLEAN f_b_sec = false;//button is up logic
.................... void refresh_read_button(void)
*
008F:  MOVLW  02
0090:  MOVWF  2B
.................... {
....................     int tread_ssa = 2;
....................     if (is_on_bssa()) tread_ssa = 3;
0091:  CALL   018
0092:  MOVF   21,F
0093:  BTFSC  03.2
0094:  GOTO   097
0095:  MOVLW  03
0096:  MOVWF  2B
....................     if (tread_ssa != read_ssa)
0097:  MOVF   25,W
0098:  SUBWF  2B,W
0099:  BTFSC  03.2
009A:  GOTO   0A2
....................     {
....................         save_ssa=1;
009B:  MOVLW  01
009C:  MOVWF  26
....................         read_ssa = tread_ssa;
009D:  MOVF   2B,W
009E:  MOVWF  25
....................         delay_ms(100);
009F:  MOVLW  64
00A0:  MOVWF  33
00A1:  CALL   004
....................     } 
....................     delay_ms(10);
00A2:  MOVLW  0A
00A3:  MOVWF  33
00A4:  CALL   004
....................     if (save_ssa>0) return;
00A5:  MOVF   26,F
00A6:  BTFSS  03.2
00A7:  GOTO   10E
....................     if (!input(BUT_SEC))
00A8:  BSF    03.5
00A9:  BSF    05.4
00AA:  BCF    03.5
00AB:  BTFSC  05.4
00AC:  GOTO   0B1
....................     {
....................         f_b_sec = true;
00AD:  BSF    28.0
.................... #if defined DEBUG_MAINN        
....................         f_main = 1;
00AE:  MOVLW  01
00AF:  MOVWF  27
.................... #endif        
....................     }
00B0:  GOTO   10E
....................     else
....................     {
....................         if (f_b_sec)
00B1:  BTFSS  28.0
00B2:  GOTO   10E
....................         {
....................             f_b_sec = false;
00B3:  BCF    28.0
....................             if (read_sec>=MAX_SEC) read_sec = MIN_SEC;
00B4:  MOVF   24,W
00B5:  SUBLW  27
00B6:  BTFSC  03.0
00B7:  GOTO   0BB
00B8:  MOVLW  0A
00B9:  MOVWF  24
00BA:  GOTO   0BD
....................             else read_sec += 5;
00BB:  MOVLW  05
00BC:  ADDWF  24,F
....................             write_eeprom(1,read_sec);
00BD:  MOVF   0B,W
00BE:  MOVWF  20
00BF:  BCF    0B.7
00C0:  MOVLW  01
00C1:  BSF    03.5
00C2:  MOVWF  1B
00C3:  BCF    03.5
00C4:  MOVF   24,W
00C5:  BSF    03.5
00C6:  MOVWF  1A
00C7:  BCF    1C.7
00C8:  BSF    1C.2
00C9:  MOVLW  55
00CA:  MOVWF  1D
00CB:  MOVLW  AA
00CC:  MOVWF  1D
00CD:  BSF    1C.1
00CE:  BTFSC  1C.1
00CF:  GOTO   0CE
00D0:  BCF    1C.2
00D1:  BCF    03.5
00D2:  MOVF   20,W
00D3:  IORWF  0B,F
....................             int cflash = read_sec/5;
00D4:  MOVF   24,W
00D5:  MOVWF  2D
00D6:  MOVLW  05
00D7:  MOVWF  2E
*
00EC:  MOVF   21,W
00ED:  MOVWF  2C
....................             led_flash(cflash);
00EE:  MOVF   2C,W
00EF:  MOVWF  2D
.................... #if defined DEBUG_MAINN
....................             f_main = 1;
*
010C:  MOVLW  01
010D:  MOVWF  27
.................... #endif        
.................... #if defined DEBUG_WRITE
....................             output_high(DEB_WRI);
....................             delay_ms(200);
....................             output_low(DEB_WRI);
.................... #endif
....................         }
....................     }
010E:  GOTO   1A9 (RETURN)
.................... }
.................... void main(void)
.................... {
....................     /* Initialization */
....................     //OSCCON=0;
.................... #if defined PIC16F684X
010F:  MOVF   03,W
0110:  ANDLW  1F
0111:  MOVWF  03
0112:  MOVLW  61
0113:  BSF    03.5
0114:  MOVWF  0F
0115:  CLRF   10
0116:  MOVF   0F,W
0117:  BCF    03.5
0118:  CLRF   24
0119:  CLRF   25
011A:  CLRF   26
011B:  CLRF   27
011C:  BCF    28.0
011D:  BCF    1F.6
011E:  MOVLW  00
011F:  BSF    03.5
0120:  MOVWF  11
0121:  BCF    03.5
0122:  CLRF   1A
0123:  MOVLW  07
0124:  MOVWF  19
....................     setup_oscillator(OSC_4MHZ);
0125:  MOVLW  61
0126:  BSF    03.5
0127:  MOVWF  0F
0128:  CLRF   10
0129:  MOVF   0F,W
....................     //enable_interrupts(GLOBAL);
....................     set_tris_a(0b00010010);// 1 -> vhod     0-> izhod
012A:  MOVLW  12
012B:  MOVWF  05
....................     set_tris_c(0b00000000);
012C:  MOVLW  00
012D:  MOVWF  07
....................     output_c(0);
012E:  CLRF   07
012F:  BCF    03.5
0130:  CLRF   07
....................     output_low(A05_MMM);
0131:  BSF    03.5
0132:  BCF    05.5
0133:  BCF    03.5
0134:  BCF    05.5
.................... #endif
.................... 
.................... #if defined PIC12F683X   // inputs=1 output=0 (bitove-> 0b_76543210_ )
....................     //setup_adc_ports(NO_ANALOGS);
....................     //setup_comparator(NC_NC);
....................     set_tris_a(0b00000101);
....................     output_low(SWI_OUT);
....................     output_low(DEB_WRI);
....................     //output_low(DEB_EXE);
....................     output_low(DEB_EXC_SAV_MIN);
.................... #endif
....................     /*write_eeprom(0,0xff);//reset
....................     write_eeprom(1,0xff);
....................     return;*/
....................     delay_ms(200);
0135:  MOVLW  C8
0136:  MOVWF  33
0137:  CALL   004
....................     delay_ms(200);
0138:  MOVLW  C8
0139:  MOVWF  33
013A:  CALL   004
....................     read_ssa = read_eeprom(0);
013B:  BSF    03.5
013C:  CLRF   1B
013D:  BCF    1C.7
013E:  BSF    1C.0
013F:  MOVF   1A,W
0140:  BCF    03.5
0141:  MOVWF  25
....................     delay_ms(25);
0142:  MOVLW  19
0143:  MOVWF  33
0144:  CALL   004
....................     read_sec = read_eeprom(1);
0145:  MOVLW  01
0146:  BSF    03.5
0147:  MOVWF  1B
0148:  BCF    1C.7
0149:  BSF    1C.0
014A:  MOVF   1A,W
014B:  BCF    03.5
014C:  MOVWF  24
....................     delay_ms(25);
014D:  MOVLW  19
014E:  MOVWF  33
014F:  CALL   004
....................     if (read_sec<MIN_SEC || read_sec>MAX_SEC)
0150:  MOVF   24,W
0151:  SUBLW  09
0152:  BTFSC  03.0
0153:  GOTO   158
0154:  MOVF   24,W
0155:  SUBLW  28
0156:  BTFSC  03.0
0157:  GOTO   172
....................     {
....................         write_eeprom(1,DEF_SEC);//20=1s 40=2s 60=3s 80=4s 100=5s 120=6s
0158:  MOVF   0B,W
0159:  MOVWF  20
015A:  BCF    0B.7
015B:  MOVLW  01
015C:  BSF    03.5
015D:  MOVWF  1B
015E:  MOVLW  1E
015F:  MOVWF  1A
0160:  BCF    1C.7
0161:  BSF    1C.2
0162:  MOVLW  55
0163:  MOVWF  1D
0164:  MOVLW  AA
0165:  MOVWF  1D
0166:  BSF    1C.1
0167:  BTFSC  1C.1
0168:  GOTO   167
0169:  BCF    1C.2
016A:  BCF    03.5
016B:  MOVF   20,W
016C:  IORWF  0B,F
....................         delay_ms(50);
016D:  MOVLW  32
016E:  MOVWF  33
016F:  CALL   004
....................         read_sec = DEF_SEC;
0170:  MOVLW  1E
0171:  MOVWF  24
....................     }
....................     int c_tray_on = 0;
....................     int c_ss = 0;
0172:  CLRF   29
0173:  CLRF   2A
....................     if (read_ssa == 3)
0174:  MOVF   25,W
0175:  SUBLW  03
0176:  BTFSS  03.2
0177:  GOTO   182
....................     {
....................         delay_ms(100);//old=100 //BOOLEAN res = wait1234sec();
0178:  MOVLW  64
0179:  MOVWF  33
017A:  CALL   004
....................         if (wait1234sec()) 
017B:  GOTO   037
017C:  MOVF   21,F
017D:  BTFSC  03.2
017E:  GOTO   182
....................         {
....................             tray_to_on();
017F:  CALL   078
....................             c_tray_on=1;
0180:  MOVLW  01
0181:  MOVWF  29
....................         }
....................     }
....................     if (read_ssa != 2 && read_ssa != 3)//first time 0xFF
0182:  MOVF   25,W
0183:  SUBLW  02
0184:  BTFSC  03.2
0185:  GOTO   1A3
0186:  MOVF   25,W
0187:  SUBLW  03
0188:  BTFSC  03.2
0189:  GOTO   1A3
....................     {
....................         write_eeprom(0,2);
018A:  MOVF   0B,W
018B:  MOVWF  20
018C:  BCF    0B.7
018D:  BSF    03.5
018E:  CLRF   1B
018F:  MOVLW  02
0190:  MOVWF  1A
0191:  BCF    1C.7
0192:  BSF    1C.2
0193:  MOVLW  55
0194:  MOVWF  1D
0195:  MOVLW  AA
0196:  MOVWF  1D
0197:  BSF    1C.1
0198:  BTFSC  1C.1
0199:  GOTO   198
019A:  BCF    1C.2
019B:  BCF    03.5
019C:  MOVF   20,W
019D:  IORWF  0B,F
....................         delay_ms(50);
019E:  MOVLW  32
019F:  MOVWF  33
01A0:  CALL   004
....................         read_ssa = 2;
01A1:  MOVLW  02
01A2:  MOVWF  25
.................... #if defined DEBUG_WRITE
....................         output_high(DEB_WRI);
....................         delay_ms(100);
....................         output_low(DEB_WRI);
.................... #endif
....................     }
....................     //BOOLEAN h=false;//test cycle=250ms every time
....................     while (TRUE)
....................     {
....................         /*if (h)
....................         {
....................            h=false; output_low(DEB_EXE);
....................         }
....................         else
....................         {
....................            h=true; output_high(DEB_EXE);
....................         }*/
....................         delay_ms(50);//50+200=250ms
01A3:  MOVLW  32
01A4:  MOVWF  33
01A5:  CALL   004
....................         if (c_tray_on==0) refresh_read_button();//120 or 200
01A6:  MOVF   29,F
01A7:  BTFSC  03.2
01A8:  GOTO   08F
....................         c_ss = COU_SAVE_SECL;
01A9:  MOVLW  10
01AA:  MOVWF  2A
....................         if (read_ssa==3)
01AB:  MOVF   25,W
01AC:  SUBLW  03
01AD:  BTFSS  03.2
01AE:  GOTO   1B7
....................         {
....................             c_ss = COU_SAVE_SECH; 
01AF:  MOVLW  02
01B0:  MOVWF  2A
....................             if (c_tray_on==0) delay_ms(80);//50+120+80=250ms
01B1:  MOVF   29,F
01B2:  BTFSS  03.2
01B3:  GOTO   1B7
01B4:  MOVLW  50
01B5:  MOVWF  33
01B6:  CALL   004
....................         }
....................         if (save_ssa > c_ss)
01B7:  MOVF   26,W
01B8:  SUBWF  2A,W
01B9:  BTFSC  03.0
01BA:  GOTO   1D8
....................         {
....................             save_ssa=0;
01BB:  CLRF   26
....................             delay_ms(100);//old=100
01BC:  MOVLW  64
01BD:  MOVWF  33
01BE:  CALL   004
....................             write_eeprom(0,read_ssa);
01BF:  MOVF   0B,W
01C0:  MOVWF  20
01C1:  BCF    0B.7
01C2:  BSF    03.5
01C3:  CLRF   1B
01C4:  BCF    03.5
01C5:  MOVF   25,W
01C6:  BSF    03.5
01C7:  MOVWF  1A
01C8:  BCF    1C.7
01C9:  BSF    1C.2
01CA:  MOVLW  55
01CB:  MOVWF  1D
01CC:  MOVLW  AA
01CD:  MOVWF  1D
01CE:  BSF    1C.1
01CF:  BTFSC  1C.1
01D0:  GOTO   1CF
01D1:  BCF    1C.2
01D2:  BCF    03.5
01D3:  MOVF   20,W
01D4:  IORWF  0B,F
....................             delay_ms(50);
01D5:  MOVLW  32
01D6:  MOVWF  33
01D7:  CALL   004
.................... #if defined DEBUG_WRITE
....................             output_high(DEB_WRI);
....................             delay_ms(200);
....................             output_low(DEB_WRI);
.................... #endif
....................         }
....................         if (save_ssa > 0) save_ssa++;
01D8:  MOVF   26,F
01D9:  BTFSS  03.2
01DA:  INCF   26,F
.................... #if defined DEBUG_MAINN
....................         if (save_ssa > 0 || c_tray_on > 0) f_main = 1;
01DB:  MOVF   26,F
01DC:  BTFSS  03.2
01DD:  GOTO   1E1
01DE:  MOVF   29,F
01DF:  BTFSC  03.2
01E0:  GOTO   1E3
01E1:  MOVLW  01
01E2:  MOVWF  27
....................         if (f_main < 1 || save_ssa > 0 ||  c_tray_on > 19) output_high(DEB_EXC_SAV_MIN);//exception=17->c_tray_on > 16
01E3:  MOVF   27,F
01E4:  BTFSC  03.2
01E5:  GOTO   1ED
01E6:  MOVF   26,F
01E7:  BTFSS  03.2
01E8:  GOTO   1ED
01E9:  MOVF   29,W
01EA:  SUBLW  13
01EB:  BTFSC  03.0
01EC:  GOTO   1F2
01ED:  BSF    03.5
01EE:  BCF    07.2
01EF:  BCF    03.5
01F0:  BSF    07.2
01F1:  GOTO   1F6
....................         else output_low(DEB_EXC_SAV_MIN);
01F2:  BSF    03.5
01F3:  BCF    07.2
01F4:  BCF    03.5
01F5:  BCF    07.2
....................         if (f_main > 9) f_main = 0;
01F6:  MOVF   27,W
01F7:  SUBLW  09
01F8:  BTFSC  03.0
01F9:  GOTO   1FC
01FA:  CLRF   27
01FB:  GOTO   1FD
....................         else f_main++;
01FC:  INCF   27,F
.................... #else
....................         if (save_ssa > 0 || c_tray_on > 19) output_high(DEB_EXC_SAV_MIN);//exception=17->c_tray_on > 16
....................         else output_low(DEB_EXC_SAV_MIN);
.................... #endif
....................         if (c_tray_on > 0)
01FD:  MOVF   29,F
01FE:  BTFSC  03.2
01FF:  GOTO   21A
....................         {
....................             if (is_on_bssa()) 
0200:  CALL   018
0201:  MOVF   21,F
0202:  BTFSC  03.2
0203:  GOTO   20A
....................             {
....................                 c_tray_on=0;
0204:  CLRF   29
.................... #if defined DEBUG_MAINN
....................                 f_main=0;
0205:  CLRF   27
....................                 output_low(DEB_EXC_SAV_MIN);
0206:  BSF    03.5
0207:  BCF    07.2
0208:  BCF    03.5
0209:  BCF    07.2
.................... #endif
....................             }
....................             if (c_tray_on > 0 && c_tray_on < 20)
020A:  MOVF   29,F
020B:  BTFSC  03.2
020C:  GOTO   21A
020D:  MOVF   29,W
020E:  SUBLW  13
020F:  BTFSS  03.0
0210:  GOTO   21A
....................             {
....................                 if (c_tray_on==9 ) tray_to_on();//(9*250ms=2250ms)=9
0211:  MOVF   29,W
0212:  SUBLW  09
0213:  BTFSC  03.2
0214:  CALL   078
....................                 if (c_tray_on==14) tray_to_on();//9+(5*250ms=1250ms)=14
0215:  MOVF   29,W
0216:  SUBLW  0E
0217:  BTFSC  03.2
0218:  CALL   078
....................                 c_tray_on++;//14+(5*250ms=1250ms)=19 ++ to 20max
0219:  INCF   29,F
....................             }
....................         }   
021A:  GOTO   1A3
....................     }
.................... }
021B:  SLEEP

Configuration Fuses:
   Word  1: 3FC4   INTRC_IO NOWDT PUT NOMCLR NOPROTECT NOCPD BROWNOUT IESO FCMEN
