CCS PCM C Compiler, Version 5.115, 43599               23-ώνθ-26 13:45

               Filename:   D:\Install\VW\Manuals\T-cross_2024_bf3\MemSSA\MemSSA_16f684_030_2026\mssa.lst

               ROM used:   541 words (26%)
                           Largest free fragment is 1507
               RAM used:   11 (9%) at main() level
                           20 (16%) worst case
               Stack used: 2 locations
               Stack size: 8

*
0000:  MOVLW  01
0001:  MOVWF  0A
0002:  GOTO   110
0003:  NOP
.................... /*
....................  * mssa.c
....................  * Description:
....................  * This is start/stop system memory, for the PIC16F684 and PIC12F675 chips.
....................  * Author: LZ2HV, Christo
....................  * Creation date: 2025 for VW T-Cross 2025
....................  */
.................... //#define DEBUG_WRITE
.................... //#define DEBUG_EXCEP
.................... #define DEBUG_MAINN
.................... 
.................... #define PIC16F684X
.................... //#define PIC12F683X  // ok as PIC12F675
.................... //#define PIC12F675X
.................... //#define PIC12F1571X //write_program_eeprom  read_program_eeprom
.................... 
.................... #if defined PIC16F684X
.................... #include <16f684.h>
.................... //////////// Standard Header file for the PIC16F684 device ////////////////
.................... ///////////////////////////////////////////////////////////////////////////
.................... ////        (C) Copyright 1996, 2020 Custom Computer Services          ////
.................... //// This source code may only be used by licensed users of the CCS C  ////
.................... //// compiler.  This source code may only be distributed to other      ////
.................... //// licensed users of the CCS C compiler.  No other use, reproduction ////
.................... //// or distribution is permitted without written permission.          ////
.................... //// Derivative programs created using this software in object code    ////
.................... //// form are not restricted in any way.                               ////
.................... ///////////////////////////////////////////////////////////////////////////
.................... #device PIC16F684
*
00D9:  MOVF   2E,W
00DA:  CLRF   21
00DB:  SUBWF  2D,W
00DC:  BTFSC  03.0
00DD:  GOTO   0E1
00DE:  MOVF   2D,W
00DF:  MOVWF  20
00E0:  GOTO   0ED
00E1:  CLRF   20
00E2:  MOVLW  08
00E3:  MOVWF  2F
00E4:  RLF    2D,F
00E5:  RLF    20,F
00E6:  MOVF   2E,W
00E7:  SUBWF  20,W
00E8:  BTFSC  03.0
00E9:  MOVWF  20
00EA:  RLF    21,F
00EB:  DECFSZ 2F,F
00EC:  GOTO   0E4
.................... 
.................... #list
.................... 
.................... #endif
.................... #if defined PIC12F683X
.................... #include <12f683.h> //ok
.................... //#include <12f675.h>
.................... //#include <12f1571.h> //write_program_eeprom
.................... #endif
.................... //#device *=16 /* Allow RAM to expand beyond 256 bytes */
.................... //#device ADC=10  // Use 10 bits 10bit (5volt;correspond;1024) or 8bit(5volt;correspond;256)
.................... 
.................... /* Microcontroller configuration bits */
.................... //#byte OSCCON=0x8F
.................... //#use delay(internal=4MHz)
.................... #fuses INTRC_IO,NOPROTECT,NOWDT,BROWNOUT,PUT,NOMCLR,NOCPD
.................... #use delay(clock=4000000)
*
0004:  MOVLW  33
0005:  MOVWF  04
0006:  MOVF   00,W
0007:  BTFSC  03.2
0008:  GOTO   017
0009:  MOVLW  01
000A:  MOVWF  21
000B:  CLRF   20
000C:  DECFSZ 20,F
000D:  GOTO   00C
000E:  DECFSZ 21,F
000F:  GOTO   00B
0010:  MOVLW  4A
0011:  MOVWF  20
0012:  DECFSZ 20,F
0013:  GOTO   012
0014:  GOTO   015
0015:  DECFSZ 00,F
0016:  GOTO   009
0017:  RETURN
.................... //#use fixed_io(a_outputs=PIN_A3)
.................... //INTRC_IO, NOWDT, NOPROTECT, BROWNOUT, NOMCLR, NOCPD
.................... //#BYTE OSCCON = 0xFd3
.................... //#use delay(clock=4000000)
.................... 
.................... #if defined PIC16F684X
.................... #define BUT_SEC         (PIN_A4)
.................... #define SSA_BUT         (PIN_A1)
.................... #define SWI_OUT         (PIN_C0)
.................... #define DEB_WRI         (PIN_C4)
.................... #define DEB_EXE         (PIN_C3)
.................... #define DEB_EXC_SAV_MIN (PIN_C2)
.................... #define A05_MMM         (PIN_A5)
.................... #endif
.................... 
.................... #define COU_SAVE_SECL 16  //17*150+17*100=2550+1700=4250s
.................... #define COU_SAVE_SECH 2   //3=750 4*170+4*80=680+320=1000  8*158+8*92=1264+736=2000s
.................... #define MAX_SEC 40 //40=40*200=8s
.................... #define MIN_SEC 10 //10=10*200=2s
.................... #define DEF_SEC 30 //30=30*200=6s
.................... 
.................... //#define MAX_ESEC 14 //120*15=1800ms
.................... // MID=12             //120*13=1560ms
.................... //#define MIN_ESEC 10 //120*11=1320ms
.................... #define COU_ESEC 10 //= 10 or 12 or 14
.................... 
.................... #if defined PIC12F683X
.................... #define BUT_SEC         (PIN_A2)
.................... #define SSA_BUT         (PIN_A0)
.................... #define SWI_OUT         (PIN_A1)
.................... //#define DEB_EXE       (PIN_A3)
.................... #define DEB_WRI         (PIN_A4)//error PIN_A4=PIN_A3 ????
.................... #define DEB_EXC_SAV_MIN (PIN_A5)//error PIN -2=PIN_A5 ????
.................... #endif
.................... 
.................... BOOLEAN is_on_bssa(void)
0018:  BCF    30.0
0019:  CLRF   31
.................... {
....................     BOOLEAN res = false;
....................     int c_bssa = 0;
....................     for (int i=0; i<20; ++i)//200ms
001A:  CLRF   32
001B:  MOVF   32,W
001C:  SUBLW  13
001D:  BTFSS  03.0
001E:  GOTO   032
....................     {
....................         if (!input(SSA_BUT)) c_bssa++;
001F:  BSF    03.5
0020:  BSF    05.1
0021:  BCF    03.5
0022:  BTFSC  05.1
0023:  GOTO   026
0024:  INCF   31,F
0025:  GOTO   027
....................         else c_bssa = 0;
0026:  CLRF   31
....................         if (c_bssa > 12)//120ms
0027:  MOVF   31,W
0028:  SUBLW  0C
0029:  BTFSC  03.0
002A:  GOTO   02D
....................         {
....................             res = true;
002B:  BSF    30.0
....................             break;
002C:  GOTO   032
....................         }
....................         delay_ms(10);
002D:  MOVLW  0A
002E:  MOVWF  33
002F:  CALL   004
0030:  INCF   32,F
0031:  GOTO   01B
....................     }
....................     return res;
0032:  MOVLW  00
0033:  BTFSC  30.0
0034:  MOVLW  01
0035:  MOVWF  21
0036:  RETURN
.................... }
.................... int read_sec = 0;
.................... BOOLEAN wait1234sec(void)
0037:  BSF    2B.0
0038:  CLRF   2C
0039:  CLRF   2D
.................... {
....................     BOOLEAN res = true; //int try = 0;
....................     int to = 0;
....................     int count_except = 0;
....................     for (int i=0; i<read_sec; ++i)
003A:  CLRF   2E
003B:  MOVF   24,W
003C:  SUBWF  2E,W
003D:  BTFSC  03.0
003E:  GOTO   05A
....................     {
....................         if (is_on_bssa())//full=200+0=200ms
003F:  CALL   018
0040:  MOVF   21,F
0041:  BTFSC  03.2
0042:  GOTO   04B
....................         {
....................             count_except++;
0043:  INCF   2D,F
....................             if (count_except > COU_ESEC)//except=(0+120=120)*11=1320ms //120*15=1800ms
0044:  MOVF   2D,W
0045:  SUBLW  0A
0046:  BTFSC  03.0
0047:  GOTO   04A
....................             {
....................                 res = false;
0048:  BCF    2B.0
....................                 break;
0049:  GOTO   05A
....................             }
....................         }
004A:  GOTO   04C
....................         else count_except = 0;
004B:  CLRF   2D
....................         if (count_except > 0) output_high(DEB_EXC_SAV_MIN);
004C:  MOVF   2D,F
004D:  BTFSC  03.2
004E:  GOTO   054
004F:  BSF    03.5
0050:  BCF    07.2
0051:  BCF    03.5
0052:  BSF    07.2
0053:  GOTO   058
....................         else output_low(DEB_EXC_SAV_MIN);
0054:  BSF    03.5
0055:  BCF    07.2
0056:  BCF    03.5
0057:  BCF    07.2
0058:  INCF   2E,F
0059:  GOTO   03B
....................     }
....................     if (res && count_except > 0)
005A:  BTFSS  2B.0
005B:  GOTO   070
005C:  MOVF   2D,F
005D:  BTFSC  03.2
005E:  GOTO   070
....................     {
....................         res = false;
005F:  BCF    2B.0
....................         to = (COU_ESEC+1)-count_except;
0060:  MOVF   2D,W
0061:  SUBLW  0B
0062:  MOVWF  2C
....................         for (int i=0; i<to; ++i)//try times to 1320-120=1200ms
0063:  CLRF   2F
0064:  MOVF   2C,W
0065:  SUBWF  2F,W
0066:  BTFSC  03.0
0067:  GOTO   070
....................         {
....................             if (!is_on_bssa()) 
0068:  CALL   018
0069:  MOVF   21,F
006A:  BTFSS  03.2
006B:  GOTO   06E
....................             {
....................                res = true;
006C:  BSF    2B.0
....................                break;
006D:  GOTO   070
....................             }
006E:  INCF   2F,F
006F:  GOTO   064
....................         }
....................     }
....................     output_low(DEB_EXC_SAV_MIN);
0070:  BSF    03.5
0071:  BCF    07.2
0072:  BCF    03.5
0073:  BCF    07.2
....................     return res;
0074:  MOVLW  00
0075:  BTFSC  2B.0
0076:  MOVLW  01
0077:  MOVWF  21
0078:  GOTO   17D (RETURN)
.................... }
.................... void tray_to_on(void)
.................... {
....................         output_high(DEB_EXC_SAV_MIN);
0079:  BSF    03.5
007A:  BCF    07.2
007B:  BCF    03.5
007C:  BSF    07.2
....................         output_high(SWI_OUT);
007D:  BSF    03.5
007E:  BCF    07.0
007F:  BCF    03.5
0080:  BSF    07.0
....................         delay_ms(200);
0081:  MOVLW  C8
0082:  MOVWF  33
0083:  CALL   004
....................         delay_ms(200);
0084:  MOVLW  C8
0085:  MOVWF  33
0086:  CALL   004
....................         output_low(SWI_OUT);
0087:  BSF    03.5
0088:  BCF    07.0
0089:  BCF    03.5
008A:  BCF    07.0
....................         output_low(DEB_EXC_SAV_MIN);
008B:  BSF    03.5
008C:  BCF    07.2
008D:  BCF    03.5
008E:  BCF    07.2
008F:  RETURN
.................... }
.................... void led_flash(int z)
.................... {
....................     for (int i=0; i<z; ++i)
*
00F1:  CLRF   2E
00F2:  MOVF   2D,W
00F3:  SUBWF  2E,W
00F4:  BTFSC  03.0
00F5:  GOTO   106
....................     {
....................         output_low(DEB_EXC_SAV_MIN);
00F6:  BSF    03.5
00F7:  BCF    07.2
00F8:  BCF    03.5
00F9:  BCF    07.2
....................         delay_ms(200);
00FA:  MOVLW  C8
00FB:  MOVWF  33
00FC:  CALL   004
....................         output_high(DEB_EXC_SAV_MIN);
00FD:  BSF    03.5
00FE:  BCF    07.2
00FF:  BCF    03.5
0100:  BSF    07.2
....................         delay_ms(200);
0101:  MOVLW  C8
0102:  MOVWF  33
0103:  CALL   004
0104:  INCF   2E,F
0105:  GOTO   0F2
....................     }
....................     output_low(DEB_EXC_SAV_MIN);
0106:  BSF    03.5
0107:  BCF    07.2
0108:  BCF    03.5
0109:  BCF    07.2
....................     delay_ms(200);
010A:  MOVLW  C8
010B:  MOVWF  33
010C:  CALL   004
.................... }
.................... int read_ssa = 0;
.................... int save_ssa = 0;
.................... #if defined DEBUG_MAINN
.................... int f_main = 0;
.................... #endif
.................... BOOLEAN f_b_sec = false;//button is up logic
.................... void refresh_read_button(void)
*
0090:  MOVLW  02
0091:  MOVWF  2B
.................... {
....................     int tread_ssa = 2;
....................     if (is_on_bssa()) tread_ssa = 3;
0092:  CALL   018
0093:  MOVF   21,F
0094:  BTFSC  03.2
0095:  GOTO   098
0096:  MOVLW  03
0097:  MOVWF  2B
....................     if (tread_ssa != read_ssa)
0098:  MOVF   25,W
0099:  SUBWF  2B,W
009A:  BTFSC  03.2
009B:  GOTO   0A3
....................     {
....................         save_ssa=1;
009C:  MOVLW  01
009D:  MOVWF  26
....................         read_ssa = tread_ssa;
009E:  MOVF   2B,W
009F:  MOVWF  25
....................         delay_ms(100);
00A0:  MOVLW  64
00A1:  MOVWF  33
00A2:  CALL   004
....................     } 
....................     delay_ms(10);
00A3:  MOVLW  0A
00A4:  MOVWF  33
00A5:  CALL   004
....................     if (save_ssa>0) return;
00A6:  MOVF   26,F
00A7:  BTFSS  03.2
00A8:  GOTO   10F
....................     if (!input(BUT_SEC))
00A9:  BSF    03.5
00AA:  BSF    05.4
00AB:  BCF    03.5
00AC:  BTFSC  05.4
00AD:  GOTO   0B2
....................     {
....................         f_b_sec = true;
00AE:  BSF    28.0
.................... #if defined DEBUG_MAINN        
....................         f_main = 1;
00AF:  MOVLW  01
00B0:  MOVWF  27
.................... #endif        
....................     }
00B1:  GOTO   10F
....................     else
....................     {
....................         if (f_b_sec)
00B2:  BTFSS  28.0
00B3:  GOTO   10F
....................         {
....................             f_b_sec = false;
00B4:  BCF    28.0
....................             if (read_sec>=MAX_SEC) read_sec = MIN_SEC;
00B5:  MOVF   24,W
00B6:  SUBLW  27
00B7:  BTFSC  03.0
00B8:  GOTO   0BC
00B9:  MOVLW  0A
00BA:  MOVWF  24
00BB:  GOTO   0BE
....................             else read_sec += 5;
00BC:  MOVLW  05
00BD:  ADDWF  24,F
....................             write_eeprom(1,read_sec);
00BE:  MOVF   0B,W
00BF:  MOVWF  20
00C0:  BCF    0B.7
00C1:  MOVLW  01
00C2:  BSF    03.5
00C3:  MOVWF  1B
00C4:  BCF    03.5
00C5:  MOVF   24,W
00C6:  BSF    03.5
00C7:  MOVWF  1A
00C8:  BCF    1C.7
00C9:  BSF    1C.2
00CA:  MOVLW  55
00CB:  MOVWF  1D
00CC:  MOVLW  AA
00CD:  MOVWF  1D
00CE:  BSF    1C.1
00CF:  BTFSC  1C.1
00D0:  GOTO   0CF
00D1:  BCF    1C.2
00D2:  BCF    03.5
00D3:  MOVF   20,W
00D4:  IORWF  0B,F
....................             int cflash = read_sec/5;
00D5:  MOVF   24,W
00D6:  MOVWF  2D
00D7:  MOVLW  05
00D8:  MOVWF  2E
*
00ED:  MOVF   21,W
00EE:  MOVWF  2C
....................             led_flash(cflash);
00EF:  MOVF   2C,W
00F0:  MOVWF  2D
.................... #if defined DEBUG_MAINN
....................             f_main = 1;
*
010D:  MOVLW  01
010E:  MOVWF  27
.................... #endif        
.................... #if defined DEBUG_WRITE
....................             output_high(DEB_WRI);
....................             delay_ms(200);
....................             output_low(DEB_WRI);
.................... #endif
....................         }
....................     }
010F:  GOTO   1AA (RETURN)
.................... }
.................... void main(void)
.................... {
....................     /* Initialization */
....................     //OSCCON=0;
.................... #if defined PIC16F684X
0110:  MOVF   03,W
0111:  ANDLW  1F
0112:  MOVWF  03
0113:  MOVLW  61
0114:  BSF    03.5
0115:  MOVWF  0F
0116:  CLRF   10
0117:  MOVF   0F,W
0118:  BCF    03.5
0119:  CLRF   24
011A:  CLRF   25
011B:  CLRF   26
011C:  CLRF   27
011D:  BCF    28.0
011E:  BCF    1F.6
011F:  MOVLW  00
0120:  BSF    03.5
0121:  MOVWF  11
0122:  BCF    03.5
0123:  CLRF   1A
0124:  MOVLW  07
0125:  MOVWF  19
....................     setup_oscillator(OSC_4MHZ);
0126:  MOVLW  61
0127:  BSF    03.5
0128:  MOVWF  0F
0129:  CLRF   10
012A:  MOVF   0F,W
....................     //enable_interrupts(GLOBAL);
....................     set_tris_a(0b00010010);// 1 -> vhod     0-> izhod
012B:  MOVLW  12
012C:  MOVWF  05
....................     set_tris_c(0b00000000);
012D:  MOVLW  00
012E:  MOVWF  07
....................     output_c(0);
012F:  CLRF   07
0130:  BCF    03.5
0131:  CLRF   07
....................     output_low(A05_MMM);
0132:  BSF    03.5
0133:  BCF    05.5
0134:  BCF    03.5
0135:  BCF    05.5
.................... #endif
.................... 
.................... #if defined PIC12F683X   // inputs=1 output=0 (bitove-> 0b_76543210_ )
....................     //setup_adc_ports(NO_ANALOGS);
....................     //setup_comparator(NC_NC);
....................     set_tris_a(0b00000101);
....................     output_low(SWI_OUT);
....................     output_low(DEB_WRI);
....................     //output_low(DEB_EXE);
....................     output_low(DEB_EXC_SAV_MIN);
.................... #endif
....................     /*write_eeprom(0,0xff);//reset
....................     write_eeprom(1,0xff);
....................     return;*/
....................     delay_ms(200);
0136:  MOVLW  C8
0137:  MOVWF  33
0138:  CALL   004
....................     delay_ms(200);
0139:  MOVLW  C8
013A:  MOVWF  33
013B:  CALL   004
....................     read_ssa = read_eeprom(0);
013C:  BSF    03.5
013D:  CLRF   1B
013E:  BCF    1C.7
013F:  BSF    1C.0
0140:  MOVF   1A,W
0141:  BCF    03.5
0142:  MOVWF  25
....................     delay_ms(25);
0143:  MOVLW  19
0144:  MOVWF  33
0145:  CALL   004
....................     read_sec = read_eeprom(1);
0146:  MOVLW  01
0147:  BSF    03.5
0148:  MOVWF  1B
0149:  BCF    1C.7
014A:  BSF    1C.0
014B:  MOVF   1A,W
014C:  BCF    03.5
014D:  MOVWF  24
....................     delay_ms(25);
014E:  MOVLW  19
014F:  MOVWF  33
0150:  CALL   004
....................     if (read_sec<MIN_SEC || read_sec>MAX_SEC)
0151:  MOVF   24,W
0152:  SUBLW  09
0153:  BTFSC  03.0
0154:  GOTO   159
0155:  MOVF   24,W
0156:  SUBLW  28
0157:  BTFSC  03.0
0158:  GOTO   173
....................     {
....................         write_eeprom(1,DEF_SEC);//20=1s 40=2s 60=3s 80=4s 100=5s 120=6s
0159:  MOVF   0B,W
015A:  MOVWF  20
015B:  BCF    0B.7
015C:  MOVLW  01
015D:  BSF    03.5
015E:  MOVWF  1B
015F:  MOVLW  1E
0160:  MOVWF  1A
0161:  BCF    1C.7
0162:  BSF    1C.2
0163:  MOVLW  55
0164:  MOVWF  1D
0165:  MOVLW  AA
0166:  MOVWF  1D
0167:  BSF    1C.1
0168:  BTFSC  1C.1
0169:  GOTO   168
016A:  BCF    1C.2
016B:  BCF    03.5
016C:  MOVF   20,W
016D:  IORWF  0B,F
....................         delay_ms(50);
016E:  MOVLW  32
016F:  MOVWF  33
0170:  CALL   004
....................         read_sec = DEF_SEC;
0171:  MOVLW  1E
0172:  MOVWF  24
....................     }
....................     int c_tray_on = 0;
....................     int c_ss = 0;
0173:  CLRF   29
0174:  CLRF   2A
....................     if (read_ssa == 3)
0175:  MOVF   25,W
0176:  SUBLW  03
0177:  BTFSS  03.2
0178:  GOTO   183
....................     {
....................         delay_ms(100);//old=100 //BOOLEAN res = wait1234sec();
0179:  MOVLW  64
017A:  MOVWF  33
017B:  CALL   004
....................         if (wait1234sec()) 
017C:  GOTO   037
017D:  MOVF   21,F
017E:  BTFSC  03.2
017F:  GOTO   183
....................         {
....................             tray_to_on();
0180:  CALL   079
....................             c_tray_on=1;
0181:  MOVLW  01
0182:  MOVWF  29
....................         }
....................     }
....................     if (read_ssa != 2 && read_ssa != 3)//first time 0xFF
0183:  MOVF   25,W
0184:  SUBLW  02
0185:  BTFSC  03.2
0186:  GOTO   1A4
0187:  MOVF   25,W
0188:  SUBLW  03
0189:  BTFSC  03.2
018A:  GOTO   1A4
....................     {
....................         write_eeprom(0,2);
018B:  MOVF   0B,W
018C:  MOVWF  20
018D:  BCF    0B.7
018E:  BSF    03.5
018F:  CLRF   1B
0190:  MOVLW  02
0191:  MOVWF  1A
0192:  BCF    1C.7
0193:  BSF    1C.2
0194:  MOVLW  55
0195:  MOVWF  1D
0196:  MOVLW  AA
0197:  MOVWF  1D
0198:  BSF    1C.1
0199:  BTFSC  1C.1
019A:  GOTO   199
019B:  BCF    1C.2
019C:  BCF    03.5
019D:  MOVF   20,W
019E:  IORWF  0B,F
....................         delay_ms(50);
019F:  MOVLW  32
01A0:  MOVWF  33
01A1:  CALL   004
....................         read_ssa = 2;
01A2:  MOVLW  02
01A3:  MOVWF  25
.................... #if defined DEBUG_WRITE
....................         output_high(DEB_WRI);
....................         delay_ms(100);
....................         output_low(DEB_WRI);
.................... #endif
....................     }
....................     //BOOLEAN h=false;//test cycle=250ms every time
....................     while (TRUE)
....................     {
....................         /*if (h)
....................         {
....................            h=false; output_low(DEB_EXE);
....................         }
....................         else
....................         {
....................            h=true; output_high(DEB_EXE);
....................         }*/
....................         delay_ms(50);//50+200=250ms
01A4:  MOVLW  32
01A5:  MOVWF  33
01A6:  CALL   004
....................         if (c_tray_on==0) refresh_read_button();//120 or 200
01A7:  MOVF   29,F
01A8:  BTFSC  03.2
01A9:  GOTO   090
....................         c_ss = COU_SAVE_SECL;
01AA:  MOVLW  10
01AB:  MOVWF  2A
....................         if (read_ssa==3)
01AC:  MOVF   25,W
01AD:  SUBLW  03
01AE:  BTFSS  03.2
01AF:  GOTO   1B8
....................         {
....................             c_ss = COU_SAVE_SECH; 
01B0:  MOVLW  02
01B1:  MOVWF  2A
....................             if (c_tray_on==0) delay_ms(80);//50+120+80=250ms
01B2:  MOVF   29,F
01B3:  BTFSS  03.2
01B4:  GOTO   1B8
01B5:  MOVLW  50
01B6:  MOVWF  33
01B7:  CALL   004
....................         }
....................         if (save_ssa > c_ss)
01B8:  MOVF   26,W
01B9:  SUBWF  2A,W
01BA:  BTFSC  03.0
01BB:  GOTO   1D9
....................         {
....................             save_ssa=0;
01BC:  CLRF   26
....................             delay_ms(100);//old=100
01BD:  MOVLW  64
01BE:  MOVWF  33
01BF:  CALL   004
....................             write_eeprom(0,read_ssa);
01C0:  MOVF   0B,W
01C1:  MOVWF  20
01C2:  BCF    0B.7
01C3:  BSF    03.5
01C4:  CLRF   1B
01C5:  BCF    03.5
01C6:  MOVF   25,W
01C7:  BSF    03.5
01C8:  MOVWF  1A
01C9:  BCF    1C.7
01CA:  BSF    1C.2
01CB:  MOVLW  55
01CC:  MOVWF  1D
01CD:  MOVLW  AA
01CE:  MOVWF  1D
01CF:  BSF    1C.1
01D0:  BTFSC  1C.1
01D1:  GOTO   1D0
01D2:  BCF    1C.2
01D3:  BCF    03.5
01D4:  MOVF   20,W
01D5:  IORWF  0B,F
....................             delay_ms(50);
01D6:  MOVLW  32
01D7:  MOVWF  33
01D8:  CALL   004
.................... #if defined DEBUG_WRITE
....................             output_high(DEB_WRI);
....................             delay_ms(200);
....................             output_low(DEB_WRI);
.................... #endif
....................         }
....................         if (save_ssa > 0) save_ssa++;
01D9:  MOVF   26,F
01DA:  BTFSS  03.2
01DB:  INCF   26,F
.................... #if defined DEBUG_MAINN
....................         if (save_ssa > 0 || c_tray_on > 0) f_main = 1;
01DC:  MOVF   26,F
01DD:  BTFSS  03.2
01DE:  GOTO   1E2
01DF:  MOVF   29,F
01E0:  BTFSC  03.2
01E1:  GOTO   1E4
01E2:  MOVLW  01
01E3:  MOVWF  27
....................         if (f_main < 1 || save_ssa > 0 ||  c_tray_on > 19) output_high(DEB_EXC_SAV_MIN);//exception=17->c_tray_on > 16
01E4:  MOVF   27,F
01E5:  BTFSC  03.2
01E6:  GOTO   1EE
01E7:  MOVF   26,F
01E8:  BTFSS  03.2
01E9:  GOTO   1EE
01EA:  MOVF   29,W
01EB:  SUBLW  13
01EC:  BTFSC  03.0
01ED:  GOTO   1F3
01EE:  BSF    03.5
01EF:  BCF    07.2
01F0:  BCF    03.5
01F1:  BSF    07.2
01F2:  GOTO   1F7
....................         else output_low(DEB_EXC_SAV_MIN);
01F3:  BSF    03.5
01F4:  BCF    07.2
01F5:  BCF    03.5
01F6:  BCF    07.2
....................         if (f_main > 9) f_main = 0;
01F7:  MOVF   27,W
01F8:  SUBLW  09
01F9:  BTFSC  03.0
01FA:  GOTO   1FD
01FB:  CLRF   27
01FC:  GOTO   1FE
....................         else f_main++;
01FD:  INCF   27,F
.................... #else
....................         if (save_ssa > 0 || c_tray_on > 19) output_high(DEB_EXC_SAV_MIN);//exception=17->c_tray_on > 16
....................         else output_low(DEB_EXC_SAV_MIN);
.................... #endif
....................         if (c_tray_on > 0)
01FE:  MOVF   29,F
01FF:  BTFSC  03.2
0200:  GOTO   21B
....................         {
....................             if (is_on_bssa()) 
0201:  CALL   018
0202:  MOVF   21,F
0203:  BTFSC  03.2
0204:  GOTO   20B
....................             {
....................                 c_tray_on=0;
0205:  CLRF   29
.................... #if defined DEBUG_MAINN
....................                 f_main=0;
0206:  CLRF   27
....................                 output_low(DEB_EXC_SAV_MIN);
0207:  BSF    03.5
0208:  BCF    07.2
0209:  BCF    03.5
020A:  BCF    07.2
.................... #endif
....................             }
....................             if (c_tray_on > 0 && c_tray_on < 20)
020B:  MOVF   29,F
020C:  BTFSC  03.2
020D:  GOTO   21B
020E:  MOVF   29,W
020F:  SUBLW  13
0210:  BTFSS  03.0
0211:  GOTO   21B
....................             {
....................                 if (c_tray_on==9 ) tray_to_on();//(9*250ms=2250ms)=9
0212:  MOVF   29,W
0213:  SUBLW  09
0214:  BTFSC  03.2
0215:  CALL   079
....................                 if (c_tray_on==14) tray_to_on();//9+(5*250ms=1250ms)=14
0216:  MOVF   29,W
0217:  SUBLW  0E
0218:  BTFSC  03.2
0219:  CALL   079
....................                 c_tray_on++;//14+(5*250ms=1250ms)=19 ++ to 20max
021A:  INCF   29,F
....................             }
....................         }   
021B:  GOTO   1A4
....................     }
.................... }
021C:  SLEEP

Configuration Fuses:
   Word  1: 3FC4   INTRC_IO NOWDT PUT NOMCLR NOPROTECT NOCPD BROWNOUT IESO FCMEN
