
ROM used:   523/2048 (26%)
            523/2048 (26%) including unused fragments

            0.5 Average locations per line
            3.8 Average locations per statement

RAM used:   11/128 (9%) at main() level
            18/128 (14%) worst case

Stack used: 2 worst case (2 in main + 0 for interrupts)
Stack size: 8

Lines Stmts  %   Files
----- ----- ---  -----
  299   137 100  mssa.c
  656     0   0  ..\..\..\..\..\..\PICC_5115\Devices\16f684.h
----- -----
  955   137 Total

Page ROM  %  RAM    Vol Diff  Functions:
---- --- --- ---    --- ----  ----------
0     20   4    1             @delay_ms1
0     31   6    3    322  6.3  is_on_bssa
0     55  11    3    547  6.3  wait1234sec
0     23   4    0    129  1.3  tray_to_on
 Inline         2    216  3.3  led_flash
0    125  24    2    598  6.0  refresh_read_button
 Inline         3             @DIV88
0    265  51    2   2216  7.6  MAIN
 Inline         0             @cinit1

Program metrics:
    Functions               6
    Statements              137
    Comments                189
    Volume (V)              5418
    Difficulty (D)          30.8
    Effort to implement (E) 167052
    Time to implement (T)   2 hours, 35 minutes
    Est Delivered Bugs (B)  1
    Cyclomatic Complexity   32
    Maintainability (MI)    117

 Segment     Used  Free
-----------  ----  ----
00000-00003     4  0  
00004-007FF   519  1525  



